Note: src\Clases\AdminFrame.java uses unchecked or unsafe operations.
Note: Recompile with -Xlint:unchecked for details.
